I0519 23:35:48.099514 215055 internal_thread.cpp:24] Starting 1 internal thread(s) on device 2
I0519 23:35:48.099521 215069 internal_thread.cpp:85] Started internal thread 215069 on device 1, rank 1
I0519 23:35:48.099539 215069 batch_transformer.cpp:57] Started BatchTransformer thread 215069
I0519 23:35:48.099748 215070 common.cpp:135] [2] New Caffe instance 0x7fb060ffcf10, count 17, thread 215070
I0519 23:35:48.099794 215070 common.cpp:194] New stream 0x7fb028000c80, device 2, thread 215070
I0519 23:35:48.100284 215070 internal_thread.cpp:85] Started internal thread 215070 on device 2, rank 2
I0519 23:35:48.100303 215070 data_layer.cpp:105] (n0.d2.r2) Parser threads: 1
I0519 23:35:48.100324 215070 data_layer.cpp:107] (n0.d2.r2) Transformer threads: 1
I0519 23:35:48.100337 215054 internal_thread.cpp:19] InternalThread 215054: DataReader of local solver rank 1, parser threads 1, transf threads 1
I0519 23:35:48.100353 215054 data_reader.cpp:68] Data Reader threads: 1, out queues: 1, depth: 34
I0519 23:35:48.100379 215054 internal_thread.cpp:24] Starting 1 internal thread(s) on device 1
I0519 23:35:48.100641 215071 common.cpp:135] [1] New Caffe instance 0x7fb059ffef10, count 18, thread 215071
I0519 23:35:48.100692 215071 common.cpp:194] New stream 0x7fb02c000c80, device 1, thread 215071
I0519 23:35:48.101186 215071 internal_thread.cpp:85] Started internal thread 215071 on device 1, rank 1
I0519 23:35:48.101248 215071 db_lmdb.cpp:36] Opened lmdb examples/cifar10/cifar10_test_lmdb
I0519 23:35:48.101452 215054 data_layer.cpp:199] (n0.d1.r1) Output data size: 34, 3, 32, 32
I0519 23:35:48.101830 215055 cudnn_conv_layer.cpp:300] (n0.d2.r2) AllocateWorkspace trying to allocate 4194304 bytes for layer conv1
I0519 23:35:48.102195 215054 internal_thread.cpp:24] Starting 1 internal thread(s) on device 1
I0519 23:35:48.102421 215072 common.cpp:135] [1] New Caffe instance 0x7fb0597fdf10, count 19, thread 215072
I0519 23:35:48.102470 215072 common.cpp:194] New stream 0x7fb01c000c80, device 1, thread 215072
I0519 23:35:48.102977 215072 internal_thread.cpp:85] Started internal thread 215072 on device 1, rank 1
I0519 23:35:48.102993 215067 common.cpp:194] New stream 0x7fb03c002910, device 2, thread 215067
I0519 23:35:48.102996 215072 data_layer.cpp:105] (n0.d1.r1) Parser threads: 1
I0519 23:35:48.103017 215072 data_layer.cpp:107] (n0.d1.r1) Transformer threads: 1
I0519 23:35:48.103135 215067 common.cpp:194] New stream 0x7fb03c002fc0, device 2, thread 215067
I0519 23:35:48.104194 215054 cudnn_conv_layer.cpp:300] (n0.d1.r1) AllocateWorkspace trying to allocate 4194304 bytes for layer conv1
I0519 23:35:48.105289 215069 common.cpp:194] New stream 0x7fb030002910, device 1, thread 215069
I0519 23:35:48.105459 215069 common.cpp:194] New stream 0x7fb030002fc0, device 1, thread 215069
I0519 23:35:48.106173 215055 cudnn_conv_layer.cpp:300] (n0.d2.r2) AllocateWorkspace trying to allocate 4194304 bytes for layer conv2
I0519 23:35:48.108794 215054 cudnn_conv_layer.cpp:300] (n0.d1.r1) AllocateWorkspace trying to allocate 4194304 bytes for layer conv2
I0519 23:35:48.116447 215054 cudnn_conv_layer.cpp:300] (n0.d1.r1) AllocateWorkspace trying to allocate 4194304 bytes for layer conv3
I0519 23:35:48.118849 215055 cudnn_conv_layer.cpp:300] (n0.d2.r2) AllocateWorkspace trying to allocate 4194304 bytes for layer conv3
I0519 23:35:48.125584 215054 solver.cpp:54] Solver scaffolding done.
I0519 23:35:48.127936 215055 solver.cpp:54] Solver scaffolding done.
I0519 23:35:48.434515 215055 common.cpp:194] New high priority stream 0x7fb047f6faf0, device 2, thread 215055
I0519 23:35:48.434518 215054 common.cpp:194] New high priority stream 0x7fb057efd730, device 1, thread 215054
I0519 23:35:48.434684 215055 parallel.cpp:235] [2 - 2] P2PSync added callback
I0519 23:35:48.434700 215054 parallel.cpp:235] [1 - 1] P2PSync added callback
I0519 23:35:48.434705 215055 solver.cpp:411] [0.2] Solving CIFAR10_quick Learning Rate Policy: fixed
I0519 23:35:48.434711 215054 solver.cpp:411] [0.1] Solving CIFAR10_quick Learning Rate Policy: fixed
I0519 23:35:48.434810 215053 common.cpp:194] New high priority stream 0x7fb010843740, device 0, thread 215053
I0519 23:35:48.434847 215053 parallel.cpp:235] [0 - 0] P2PSync added callback
I0519 23:35:48.434859 215053 solver.cpp:411] [0.0] Solving CIFAR10_quick Learning Rate Policy: fixed
I0519 23:35:48.435060 215055 net.cpp:1424] [0.2] Reserving 582912 bytes of shared learnable space for type FLOAT
I0519 23:35:48.435060 215053 net.cpp:1424] [0.0] Reserving 582912 bytes of shared learnable space for type FLOAT
I0519 23:35:48.435062 215054 net.cpp:1424] [0.1] Reserving 582912 bytes of shared learnable space for type FLOAT
I0519 23:35:48.435106 215053 common.cpp:194] New stream 0x7fb0105ec840, device 0, thread 215053
I0519 23:35:48.437171 215053 solver.cpp:219] [0.0] Starting Optimization on GPU 0
I0519 23:35:48.437175 215055 solver.cpp:219] [0.2] Starting Optimization on GPU 2
I0519 23:35:48.437175 215054 solver.cpp:219] [0.1] Starting Optimization on GPU 1
I0519 23:35:48.437232 215055 net.cpp:1073] Copying source layer cifar
I0519 23:35:48.437232 215054 net.cpp:1073] Copying source layer cifar
I0519 23:35:48.437244 215053 solver.cpp:236] [MultiGPU] Initial Test started...
I0519 23:35:48.437242 215055 net.cpp:1073] Copying source layer conv1
I0519 23:35:48.437250 215054 net.cpp:1073] Copying source layer conv1
I0519 23:35:48.437265 215053 solver.cpp:494] Iteration 0, Testing net (#0)
I0519 23:35:48.437285 215053 net.cpp:1073] Copying source layer cifar
I0519 23:35:48.437291 215053 net.cpp:1073] Copying source layer conv1
I0519 23:35:48.437536 215053 net.cpp:1073] Copying source layer pool1
I0519 23:35:48.437542 215053 net.cpp:1073] Copying source layer relu1
I0519 23:35:48.437547 215053 net.cpp:1073] Copying source layer conv2
I0519 23:35:48.437602 215054 net.cpp:1073] Copying source layer pool1
I0519 23:35:48.437609 215054 net.cpp:1073] Copying source layer relu1
I0519 23:35:48.437614 215054 net.cpp:1073] Copying source layer conv2
I0519 23:35:48.437649 215055 net.cpp:1073] Copying source layer pool1
I0519 23:35:48.437656 215055 net.cpp:1073] Copying source layer relu1
I0519 23:35:48.437661 215055 net.cpp:1073] Copying source layer conv2
I0519 23:35:48.437822 215053 net.cpp:1073] Copying source layer relu2
I0519 23:35:48.437830 215053 net.cpp:1073] Copying source layer pool2
I0519 23:35:48.437835 215053 net.cpp:1073] Copying source layer conv3
I0519 23:35:48.437875 215054 net.cpp:1073] Copying source layer relu2
I0519 23:35:48.437882 215054 net.cpp:1073] Copying source layer pool2
I0519 23:35:48.437888 215054 net.cpp:1073] Copying source layer conv3
I0519 23:35:48.437945 215055 net.cpp:1073] Copying source layer relu2
I0519 23:35:48.437952 215055 net.cpp:1073] Copying source layer pool2
I0519 23:35:48.437958 215055 net.cpp:1073] Copying source layer conv3
I0519 23:35:48.438006 215053 net.cpp:1073] Copying source layer relu3
I0519 23:35:48.438015 215053 net.cpp:1073] Copying source layer pool3
I0519 23:35:48.438019 215053 net.cpp:1073] Copying source layer ip1
I0519 23:35:48.438174 215054 net.cpp:1073] Copying source layer relu3
I0519 23:35:48.438182 215054 net.cpp:1073] Copying source layer pool3
I0519 23:35:48.438187 215054 net.cpp:1073] Copying source layer ip1
I0519 23:35:48.438213 215055 net.cpp:1073] Copying source layer relu3
I0519 23:35:48.438221 215055 net.cpp:1073] Copying source layer pool3
I0519 23:35:48.438228 215055 net.cpp:1073] Copying source layer ip1
I0519 23:35:48.438273 215053 net.cpp:1073] Copying source layer ip2
I0519 23:35:48.438437 215053 net.cpp:1073] Copying source layer loss
I0519 23:35:48.438486 215054 net.cpp:1073] Copying source layer ip2
I0519 23:35:48.438519 215055 net.cpp:1073] Copying source layer ip2
I0519 23:35:48.438733 215055 net.cpp:1073] Copying source layer loss
I0519 23:35:48.438778 215054 net.cpp:1073] Copying source layer loss
I0519 23:35:48.440124 215053 net.cpp:987]     [Forward] Layer cifar, top blob data data: 52.9881
I0519 23:35:48.440167 215053 net.cpp:987]     [Forward] Layer cifar, top blob label data: 5.05882
I0519 23:35:48.440197 215053 net.cpp:987]     [Forward] Layer label_cifar_1_split, top blob label_cifar_1_split_0 data: 5.05882
I0519 23:35:48.440207 215053 net.cpp:987]     [Forward] Layer label_cifar_1_split, top blob label_cifar_1_split_1 data: 5.05882
I0519 23:35:48.441601 215053 cudnn_conv_layer.cpp:300] (n0.d0.r0) AllocateWorkspace trying to allocate 4194304 bytes for layer conv1
I0519 23:35:48.912859 215055 cudnn_conv_layer.cpp:300] (n0.d2.r2) AllocateWorkspace trying to allocate 4194304 bytes for layer conv1
I0519 23:35:49.449828 215054 cudnn_conv_layer.cpp:300] (n0.d1.r1) AllocateWorkspace trying to allocate 4194304 bytes for layer conv1
I0519 23:35:49.449956 215053 net.cpp:987]     [Forward] Layer conv1, top blob conv1 data: 0.0381135
I0519 23:35:49.450031 215053 net.cpp:999]     [Forward] Layer conv1, param blob 0 data: 8.23628e-05
I0519 23:35:49.450065 215053 net.cpp:999]     [Forward] Layer conv1, param blob 1 data: 0
I0519 23:35:49.454854 215053 net.cpp:987]     [Forward] Layer pool1, top blob pool1 data: 0.0424223
I0519 23:35:49.454983 215053 net.cpp:987]     [Forward] Layer relu1, top blob pool1 data: 0.0340472
I0519 23:35:49.455204 215053 cudnn_conv_layer.cpp:300] (n0.d0.r0) AllocateWorkspace trying to allocate 4194304 bytes for layer conv2
I0519 23:35:49.455627 215053 net.cpp:987]     [Forward] Layer conv2, top blob conv2 data: 0.00978466
I0519 23:35:49.455667 215053 net.cpp:999]     [Forward] Layer conv2, param blob 0 data: 0.00809064
I0519 23:35:49.455695 215053 net.cpp:999]     [Forward] Layer conv2, param blob 1 data: 0
I0519 23:35:49.455756 215053 net.cpp:987]     [Forward] Layer relu2, top blob conv2 data: 0.00418519
I0519 23:35:49.456022 215053 net.cpp:987]     [Forward] Layer pool2, top blob pool2 data: 0.00418452
I0519 23:35:49.456151 215053 cudnn_conv_layer.cpp:300] (n0.d0.r0) AllocateWorkspace trying to allocate 4194304 bytes for layer conv3
I0519 23:35:49.456416 215053 net.cpp:987]     [Forward] Layer conv3, top blob conv3 data: 0.00132924
I0519 23:35:49.456454 215053 net.cpp:999]     [Forward] Layer conv3, param blob 0 data: 0.00798198
I0519 23:35:49.456480 215053 net.cpp:999]     [Forward] Layer conv3, param blob 1 data: 0
I0519 23:35:49.456543 215053 net.cpp:987]     [Forward] Layer relu3, top blob conv3 data: 0.000592857
I0519 23:35:49.456627 215053 net.cpp:987]     [Forward] Layer pool3, top blob pool3 data: 0.000599231
I0519 23:35:49.457082 215053 net.cpp:987]     [Forward] Layer ip1, top blob ip1 data: 0.00260451
I0519 23:35:49.457121 215053 net.cpp:999]     [Forward] Layer ip1, param blob 0 data: 0.0796591
I0519 23:35:49.457150 215053 net.cpp:999]     [Forward] Layer ip1, param blob 1 data: 0
I0519 23:35:49.457316 215053 net.cpp:987]     [Forward] Layer ip2, top blob ip2 data: 0.00276277
I0519 23:35:49.457351 215053 net.cpp:999]     [Forward] Layer ip2, param blob 0 data: 0.0803705
I0519 23:35:49.457381 215053 net.cpp:999]     [Forward] Layer ip2, param blob 1 data: 0
I0519 23:35:49.457419 215053 net.cpp:987]     [Forward] Layer ip2_ip2_0_split, top blob ip2_ip2_0_split_0 data: 0.00276277
I0519 23:35:49.457449 215053 net.cpp:987]     [Forward] Layer ip2_ip2_0_split, top blob ip2_ip2_0_split_1 data: 0.00276277
I0519 23:35:49.461280 215053 net.cpp:987]     [Forward] Layer accuracy, top blob accuracy data: 0.0882353
I0519 23:35:49.461803 215053 net.cpp:987]     [Forward] Layer loss, top blob loss data: 2.3027
I0519 23:35:49.506788 215055 cudnn_conv_layer.cpp:300] (n0.d2.r2) AllocateWorkspace trying to allocate 4194304 bytes for layer conv2
I0519 23:35:49.512466 215055 cudnn_conv_layer.cpp:300] (n0.d2.r2) AllocateWorkspace trying to allocate 4194304 bytes for layer conv3
I0519 23:35:49.764755 215054 cudnn_conv_layer.cpp:300] (n0.d1.r1) AllocateWorkspace trying to allocate 4194304 bytes for layer conv2
I0519 23:35:49.765563 215054 cudnn_conv_layer.cpp:300] (n0.d1.r1) AllocateWorkspace trying to allocate 4194304 bytes for layer conv3
I0519 23:35:49.767159 215053 solver.cpp:581]     (0.0)    Test net output #0: accuracy = 0.0882353
I0519 23:35:49.767199 215053 solver.cpp:581]     (0.0)    Test net output #1: loss = 2.3027 (* 1 = 2.3027 loss)
I0519 23:35:49.767288 215053 solver.cpp:241] [MultiGPU] Initial Test completed in 1.33002s
I0519 23:35:49.767764 215082 common.cpp:546] {1} NVML succeeded to set CPU affinity
I0519 23:35:49.767966 215083 common.cpp:546] {0} NVML succeeded to set CPU affinity
I0519 23:35:49.768168 215084 common.cpp:546] {2} NVML succeeded to set CPU affinity
I0519 23:35:49.770278 215048 internal_thread.cpp:48] Restarting 4 internal thread(s) on device 0
I0519 23:35:49.771391 215065 internal_thread.cpp:48] Restarting 4 internal thread(s) on device 2
I0519 23:35:49.771407 215083 common.cpp:135] [0] New Caffe instance 0x7faff1ffef10, count 20, thread 215083
I0519 23:35:49.771605 215083 common.cpp:194] New stream 0x7faf9c000d10, device 0, thread 215083
I0519 23:35:49.772233 215084 common.cpp:135] [2] New Caffe instance 0x7faffad98f10, count 21, thread 215084
I0519 23:35:49.772738 215084 common.cpp:194] New stream 0x7fafa0000d10, device 2, thread 215084
I0519 23:35:49.773313 215064 internal_thread.cpp:48] Restarting 4 internal thread(s) on device 1
I0519 23:35:49.773313 215082 common.cpp:135] [1] New Caffe instance 0x7faffb599f10, count 22, thread 215082
I0519 23:35:49.773679 215082 common.cpp:194] New stream 0x7fafa4000d10, device 1, thread 215082
I0519 23:35:49.774163 215046 common.cpp:159] [0] Caffe instance 0x7fb152f8cf10 deleted, count 21, thread 215046
I0519 23:35:49.772220 215083 net.cpp:812] [0] Entering ReduceAndUpdate thread 215083
I0519 23:35:49.774211 215061 common.cpp:159] [2] Caffe instance 0x7fb0c6831f10 deleted, count 20, thread 215061
I0519 23:35:49.773309 215084 net.cpp:812] [2] Entering ReduceAndUpdate thread 215084
I0519 23:35:49.774286 215082 net.cpp:812] [1] Entering ReduceAndUpdate thread 215082
I0519 23:35:49.774509 215065 internal_thread.cpp:24] Starting 1 internal thread(s) on device 2
I0519 23:35:49.774511 215048 internal_thread.cpp:24] Starting 1 internal thread(s) on device 0
I0519 23:35:49.774511 215060 common.cpp:159] [1] Caffe instance 0x7fb089ffef10 deleted, count 19, thread 215060
I0519 23:35:49.774672 215097 common.cpp:135] [2] New Caffe instance 0x7fb0c6831f10, count 20, thread 215097
I0519 23:35:49.774722 215097 common.cpp:194] New stream 0x7fb06c000c80, device 2, thread 215097
I0519 23:35:49.775210 215098 common.cpp:135] [0] New Caffe instance 0x7fb152f8cf10, count 21, thread 215098
I0519 23:35:49.775210 215097 internal_thread.cpp:85] Started internal thread 215097 on device 2, rank 2
I0519 23:35:49.775269 215098 common.cpp:194] New stream 0x7fb064000c80, device 0, thread 215098
I0519 23:35:49.775348 215097 common.cpp:546] {2} NVML succeeded to set CPU affinity
I0519 23:35:49.775362 215097 batch_transformer.cpp:57] Started BatchTransformer thread 215097
I0519 23:35:49.775770 215065 data_transformer.cpp:40] Loading mean file from: examples/cifar10/mean.binaryproto
I0519 23:35:49.775782 215048 data_transformer.cpp:40] Loading mean file from: examples/cifar10/mean.binaryproto
I0519 23:35:49.775774 215098 internal_thread.cpp:85] Started internal thread 215098 on device 0, rank 0
I0519 23:35:49.775808 215064 internal_thread.cpp:24] Starting 1 internal thread(s) on device 1
I0519 23:35:49.775936 215098 common.cpp:546] {0} NVML succeeded to set CPU affinity
I0519 23:35:49.775960 215099 common.cpp:135] [1] New Caffe instance 0x7fb089ffef10, count 22, thread 215099
I0519 23:35:49.775975 215098 batch_transformer.cpp:57] Started BatchTransformer thread 215098
I0519 23:35:49.776013 215099 common.cpp:194] New stream 0x7fb104000c80, device 1, thread 215099
I0519 23:35:49.776496 215064 data_transformer.cpp:40] Loading mean file from: examples/cifar10/mean.binaryproto
I0519 23:35:49.776499 215099 internal_thread.cpp:85] Started internal thread 215099 on device 1, rank 1
I0519 23:35:49.776782 215099 common.cpp:546] {1} NVML succeeded to set CPU affinity
I0519 23:35:49.776796 215099 batch_transformer.cpp:57] Started BatchTransformer thread 215099
I0519 23:35:49.777082 215065 data_transformer.cpp:40] Loading mean file from: examples/cifar10/mean.binaryproto
I0519 23:35:49.777109 215048 data_transformer.cpp:40] Loading mean file from: examples/cifar10/mean.binaryproto
I0519 23:35:49.777362 215064 data_transformer.cpp:40] Loading mean file from: examples/cifar10/mean.binaryproto
I0519 23:35:49.777659 215048 data_transformer.cpp:40] Loading mean file from: examples/cifar10/mean.binaryproto
I0519 23:35:49.777958 215064 data_transformer.cpp:40] Loading mean file from: examples/cifar10/mean.binaryproto
I0519 23:35:49.778106 215065 data_transformer.cpp:40] Loading mean file from: examples/cifar10/mean.binaryproto
I0519 23:35:49.778185 215048 data_transformer.cpp:40] Loading mean file from: examples/cifar10/mean.binaryproto
I0519 23:35:49.778537 215064 data_transformer.cpp:40] Loading mean file from: examples/cifar10/mean.binaryproto
I0519 23:35:49.778736 215048 internal_thread.cpp:19] InternalThread 215048: DataReader of local solver rank 0, parser threads 3, transf threads 4
I0519 23:35:49.778760 215048 data_reader.cpp:68] Data Reader threads: 3, out queues: 12, depth: 34
I0519 23:35:49.779016 215048 internal_thread.cpp:24] Starting 3 internal thread(s) on device 0
I0519 23:35:49.779100 215065 data_transformer.cpp:40] Loading mean file from: examples/cifar10/mean.binaryproto
I0519 23:35:49.779139 215064 internal_thread.cpp:19] InternalThread 215064: DataReader of local solver rank 1, parser threads 3, transf threads 4
I0519 23:35:49.779168 215064 data_reader.cpp:68] Data Reader threads: 3, out queues: 12, depth: 34
I0519 23:35:49.779309 215100 common.cpp:135] [0] New Caffe instance 0x7fafcd7fdf10, count 23, thread 215100
I0519 23:35:49.779361 215100 common.cpp:194] New stream 0x7faf94000c80, device 0, thread 215100
I0519 23:35:49.779853 215101 common.cpp:135] [0] New Caffe instance 0x7fafccffcf10, count 24, thread 215101
I0519 23:35:49.779856 215100 internal_thread.cpp:85] Started internal thread 215100 on device 0, rank 0
I0519 23:35:49.779953 215100 db_lmdb.cpp:36] Opened lmdb examples/cifar10/cifar10_train_lmdb
I0519 23:35:49.780261 215101 common.cpp:194] New stream 0x7faf98000c80, device 0, thread 215101
I0519 23:35:49.780745 215048 data_layer.cpp:199] [n0.d0.r0] Output data size: 34, 3, 32, 32
I0519 23:35:49.780766 215064 internal_thread.cpp:24] Starting 3 internal thread(s) on device 1
I0519 23:35:49.780771 215101 internal_thread.cpp:85] Started internal thread 215101 on device 0, rank 0
I0519 23:35:49.780791 215048 data_layer.cpp:105] [n0.d0.r0] Parser threads: 3 (auto)
I0519 23:35:49.780772 215102 common.cpp:135] [0] New Caffe instance 0x7fafbdffef10, count 25, thread 215102
I0519 23:35:49.780803 215048 data_layer.cpp:107] [n0.d0.r0] Transformer threads: 4 (auto)
I0519 23:35:49.780822 215102 common.cpp:194] New stream 0x7faf8c000c80, device 0, thread 215102
I0519 23:35:49.780858 215101 db_lmdb.cpp:36] Opened lmdb examples/cifar10/cifar10_train_lmdb
I0519 23:35:49.781097 215102 internal_thread.cpp:85] Started internal thread 215102 on device 0, rank 0
I0519 23:35:49.781109 215085 common.cpp:135] [0] New Caffe instance 0x7faff17fdf10, count 26, thread 215085
I0519 23:35:49.781965 215102 db_lmdb.cpp:36] Opened lmdb examples/cifar10/cifar10_train_lmdb
I0519 23:35:49.782256 215085 common.cpp:194] New stream 0x7faf90000c80, device 0, thread 215085
I0519 23:35:49.782955 215085 internal_thread.cpp:85] Started internal thread 215085 on device 0, rank 0
I0519 23:35:49.782963 215086 common.cpp:135] [0] New Caffe instance 0x7faff0ffcf10, count 27, thread 215086
I0519 23:35:49.783016 215086 common.cpp:194] New stream 0x7faf60000c80, device 0, thread 215086
I0519 23:35:49.783501 215064 data_layer.cpp:199] [n0.d1.r1] Output data size: 34, 3, 32, 32
I0519 23:35:49.783550 215064 data_layer.cpp:105] [n0.d1.r1] Parser threads: 3 (auto)
I0519 23:35:49.783653 215088 common.cpp:135] [0] New Caffe instance 0x7fafe97fdf10, count 28, thread 215088
I0519 23:35:49.783684 215086 internal_thread.cpp:85] Started internal thread 215086 on device 0, rank 0
I0519 23:35:49.783658 215064 data_layer.cpp:107] [n0.d1.r1] Transformer threads: 4 (auto)
I0519 23:35:49.783727 215088 common.cpp:194] New stream 0x7faf58000c80, device 0, thread 215088
I0519 23:35:49.785050 215087 common.cpp:135] [0] New Caffe instance 0x7fafe9ffef10, count 29, thread 215087
I0519 23:35:49.785054 215088 internal_thread.cpp:85] Started internal thread 215088 on device 0, rank 0
I0519 23:35:49.785166 215087 common.cpp:194] New stream 0x7faf78000c80, device 0, thread 215087
I0519 23:35:49.785864 215087 internal_thread.cpp:85] Started internal thread 215087 on device 0, rank 0
I0519 23:35:49.785869 215065 internal_thread.cpp:19] InternalThread 215065: DataReader of local solver rank 2, parser threads 3, transf threads 4
I0519 23:35:49.785894 215065 data_reader.cpp:68] Data Reader threads: 3, out queues: 12, depth: 34
I0519 23:35:49.785873 215103 common.cpp:135] [1] New Caffe instance 0x7fafbd7fdf10, count 30, thread 215103
I0519 23:35:49.785933 215103 common.cpp:194] New stream 0x7faf5c000c80, device 1, thread 215103
I0519 23:35:49.787509 215103 internal_thread.cpp:85] Started internal thread 215103 on device 1, rank 1
I0519 23:35:49.787513 215104 common.cpp:135] [1] New Caffe instance 0x7fafbcffcf10, count 31, thread 215104
I0519 23:35:49.787564 215103 db_lmdb.cpp:36] Opened lmdb examples/cifar10/cifar10_train_lmdb
I0519 23:35:49.787743 215104 common.cpp:194] New stream 0x7faf40000c80, device 1, thread 215104
I0519 23:35:49.788678 215104 internal_thread.cpp:85] Started internal thread 215104 on device 1, rank 1
I0519 23:35:49.788681 215105 common.cpp:135] [1] New Caffe instance 0x7fafa9ffef10, count 32, thread 215105
I0519 23:35:49.788743 215105 common.cpp:194] New stream 0x7faf44000c80, device 1, thread 215105
I0519 23:35:49.788751 215104 db_lmdb.cpp:36] Opened lmdb examples/cifar10/cifar10_train_lmdb
I0519 23:35:49.789227 215048 common.cpp:159] [0] Caffe instance 0x7fb151f8af10 deleted, count 31, thread 215048
I0519 23:35:49.789238 215105 internal_thread.cpp:85] Started internal thread 215105 on device 1, rank 1
I0519 23:35:49.789261 215095 common.cpp:135] [1] New Caffe instance 0x7fafd8ffcf10, count 32, thread 215095
I0519 23:35:49.789299 215095 common.cpp:194] New stream 0x7faf3c000c80, device 1, thread 215095
I0519 23:35:49.789299 215105 db_lmdb.cpp:36] Opened lmdb examples/cifar10/cifar10_train_lmdb
I0519 23:35:49.789803 215095 internal_thread.cpp:85] Started internal thread 215095 on device 1, rank 1
I0519 23:35:49.789806 215093 common.cpp:135] [1] New Caffe instance 0x7fafd9ffef10, count 33, thread 215093
I0519 23:35:49.789853 215093 common.cpp:194] New stream 0x7faf38000c80, device 1, thread 215093
I0519 23:35:49.791736 215093 internal_thread.cpp:85] Started internal thread 215093 on device 1, rank 1
I0519 23:35:49.791745 215096 common.cpp:135] [1] New Caffe instance 0x7fafcdffef10, count 34, thread 215096
I0519 23:35:49.791909 215096 common.cpp:194] New stream 0x7faf34000c80, device 1, thread 215096
I0519 23:35:49.792865 215096 internal_thread.cpp:85] Started internal thread 215096 on device 1, rank 1
I0519 23:35:49.792876 215094 common.cpp:135] [1] New Caffe instance 0x7fafd97fdf10, count 35, thread 215094
I0519 23:35:49.792944 215094 common.cpp:194] New stream 0x7faf30000c80, device 1, thread 215094
I0519 23:35:49.793478 215094 internal_thread.cpp:85] Started internal thread 215094 on device 1, rank 1
I0519 23:35:49.793499 215064 common.cpp:159] [1] Caffe instance 0x7fb071ffef10 deleted, count 34, thread 215064
I0519 23:35:49.793540 215065 internal_thread.cpp:24] Starting 3 internal thread(s) on device 2
I0519 23:35:49.793522 215098 common.cpp:194] New stream 0x7fb064002f40, device 0, thread 215098
I0519 23:35:49.793622 215099 common.cpp:194] New stream 0x7fb104002f40, device 1, thread 215099
I0519 23:35:49.793654 215106 common.cpp:135] [2] New Caffe instance 0x7fb151f8af10, count 35, thread 215106
I0519 23:35:49.793732 215106 common.cpp:194] New stream 0x7fb0680045a0, device 2, thread 215106
I0519 23:35:49.794281 215106 internal_thread.cpp:85] Started internal thread 215106 on device 2, rank 2
I0519 23:35:49.794298 215107 common.cpp:135] [2] New Caffe instance 0x7fb071ffef10, count 36, thread 215107
I0519 23:35:49.794344 215107 common.cpp:194] New stream 0x7fb108001cd0, device 2, thread 215107
I0519 23:35:49.794803 215107 internal_thread.cpp:85] Started internal thread 215107 on device 2, rank 2
I0519 23:35:49.795188 215106 db_lmdb.cpp:36] Opened lmdb examples/cifar10/cifar10_train_lmdb
I0519 23:35:49.795193 215108 common.cpp:135] [2] New Caffe instance 0x7fafa97fdf10, count 37, thread 215108
I0519 23:35:49.795228 215108 common.cpp:194] New stream 0x7faef8000c80, device 2, thread 215108
I0519 23:35:49.795244 215107 db_lmdb.cpp:36] Opened lmdb examples/cifar10/cifar10_train_lmdb
I0519 23:35:49.795722 215108 internal_thread.cpp:85] Started internal thread 215108 on device 2, rank 2
I0519 23:35:49.795796 215108 db_lmdb.cpp:36] Opened lmdb examples/cifar10/cifar10_train_lmdb
I0519 23:35:49.795835 215099 common.cpp:194] New stream 0x7fb104003960, device 1, thread 215099
I0519 23:35:49.796213 215098 common.cpp:194] New stream 0x7fb064003e80, device 0, thread 215098
I0519 23:35:49.797111 215053 net.cpp:987]     [Forward] Layer cifar, top blob data data: 53.5396
I0519 23:35:49.797156 215053 net.cpp:987]     [Forward] Layer cifar, top blob label data: 4.70588
I0519 23:35:49.797914 215054 cudnn_conv_layer.cpp:300] [n0.d1.r1] AllocateWorkspace trying to allocate 4194304 bytes for layer conv1
I0519 23:35:49.798036 215053 cudnn_conv_layer.cpp:300] [n0.d0.r0] AllocateWorkspace trying to allocate 4194304 bytes for layer conv1
I0519 23:35:49.800602 215053 net.cpp:987]     [Forward] Layer conv1, top blob conv1 data: 0.0384084
I0519 23:35:49.800712 215053 net.cpp:999]     [Forward] Layer conv1, param blob 0 data: 8.23628e-05
I0519 23:35:49.800686 215065 data_layer.cpp:199] [n0.d2.r2] Output data size: 34, 3, 32, 32
I0519 23:35:49.800776 215065 data_layer.cpp:105] [n0.d2.r2] Parser threads: 3 (auto)
I0519 23:35:49.800777 215053 net.cpp:999]     [Forward] Layer conv1, param blob 1 data: 0
I0519 23:35:49.800793 215065 data_layer.cpp:107] [n0.d2.r2] Transformer threads: 4 (auto)
I0519 23:35:49.800845 215089 common.cpp:135] [2] New Caffe instance 0x7fafe8ffcf10, count 38, thread 215089
I0519 23:35:49.802443 215089 common.cpp:194] New stream 0x7faefc000c80, device 2, thread 215089
I0519 23:35:49.803263 215089 internal_thread.cpp:85] Started internal thread 215089 on device 2, rank 2
I0519 23:35:49.803278 215091 common.cpp:135] [2] New Caffe instance 0x7fafe17fdf10, count 39, thread 215091
I0519 23:35:49.803308 215091 common.cpp:194] New stream 0x7faeb8000c80, device 2, thread 215091
I0519 23:35:49.804301 215091 internal_thread.cpp:85] Started internal thread 215091 on device 2, rank 2
I0519 23:35:49.804307 215090 common.cpp:135] [2] New Caffe instance 0x7fafe1ffef10, count 40, thread 215090
I0519 23:35:49.804422 215090 common.cpp:194] New stream 0x7faec0000c80, device 2, thread 215090
I0519 23:35:49.804937 215092 common.cpp:135] [2] New Caffe instance 0x7fafe0ffcf10, count 41, thread 215092
I0519 23:35:49.804939 215090 internal_thread.cpp:85] Started internal thread 215090 on device 2, rank 2
I0519 23:35:49.804982 215092 common.cpp:194] New stream 0x7faeb0000c80, device 2, thread 215092
I0519 23:35:49.805367 215092 internal_thread.cpp:85] Started internal thread 215092 on device 2, rank 2
I0519 23:35:49.805394 215065 common.cpp:159] [2] Caffe instance 0x7fb0717fdf10 deleted, count 40, thread 215065
I0519 23:35:49.805488 215097 common.cpp:194] New stream 0x7fb06c002f40, device 2, thread 215097
I0519 23:35:49.806002 215097 common.cpp:194] New stream 0x7fb06c003960, device 2, thread 215097
I0519 23:35:49.808096 215053 net.cpp:987]     [Forward] Layer pool1, top blob pool1 data: 0.0428667
I0519 23:35:49.808218 215053 net.cpp:987]     [Forward] Layer relu1, top blob pool1 data: 0.0343618
I0519 23:35:49.808717 215053 cudnn_conv_layer.cpp:300] [n0.d0.r0] AllocateWorkspace trying to allocate 4194304 bytes for layer conv2
I0519 23:35:49.808854 215054 cudnn_conv_layer.cpp:300] [n0.d1.r1] AllocateWorkspace trying to allocate 4194304 bytes for layer conv2
I0519 23:35:49.808881 215055 cudnn_conv_layer.cpp:300] [n0.d2.r2] AllocateWorkspace trying to allocate 4194304 bytes for layer conv1
I0519 23:35:49.809698 215053 net.cpp:987]     [Forward] Layer conv2, top blob conv2 data: 0.0100917
I0519 23:35:49.809762 215053 net.cpp:999]     [Forward] Layer conv2, param blob 0 data: 0.00809064
I0519 23:35:49.809810 215053 net.cpp:999]     [Forward] Layer conv2, param blob 1 data: 0
I0519 23:35:49.809922 215053 net.cpp:987]     [Forward] Layer relu2, top blob conv2 data: 0.00434096
I0519 23:35:49.810073 215053 net.cpp:987]     [Forward] Layer pool2, top blob pool2 data: 0.00432146
I0519 23:35:49.810413 215053 cudnn_conv_layer.cpp:300] [n0.d0.r0] AllocateWorkspace trying to allocate 4194304 bytes for layer conv3
I0519 23:35:49.810678 215054 cudnn_conv_layer.cpp:300] [n0.d1.r1] AllocateWorkspace trying to allocate 4194304 bytes for layer conv3
I0519 23:35:49.811347 215055 cudnn_conv_layer.cpp:300] [n0.d2.r2] AllocateWorkspace trying to allocate 4194304 bytes for layer conv2
I0519 23:35:49.811493 215053 net.cpp:987]     [Forward] Layer conv3, top blob conv3 data: 0.00137015
I0519 23:35:49.811559 215053 net.cpp:999]     [Forward] Layer conv3, param blob 0 data: 0.00798198
I0519 23:35:49.811607 215053 net.cpp:999]     [Forward] Layer conv3, param blob 1 data: 0
I0519 23:35:49.811683 215053 net.cpp:987]     [Forward] Layer relu3, top blob conv3 data: 0.000620706
I0519 23:35:49.813041 215053 net.cpp:987]     [Forward] Layer pool3, top blob pool3 data: 0.000627373
I0519 23:35:49.813848 215053 net.cpp:987]     [Forward] Layer ip1, top blob ip1 data: 0.00275536
I0519 23:35:49.813901 215053 net.cpp:999]     [Forward] Layer ip1, param blob 0 data: 0.0796591
I0519 23:35:49.813947 215053 net.cpp:999]     [Forward] Layer ip1, param blob 1 data: 0
I0519 23:35:49.814139 215053 net.cpp:987]     [Forward] Layer ip2, top blob ip2 data: 0.00286354
I0519 23:35:49.814190 215053 net.cpp:999]     [Forward] Layer ip2, param blob 0 data: 0.0803705
I0519 23:35:49.814239 215053 net.cpp:999]     [Forward] Layer ip2, param blob 1 data: 0
I0519 23:35:49.814467 215055 cudnn_conv_layer.cpp:300] [n0.d2.r2] AllocateWorkspace trying to allocate 4194304 bytes for layer conv3
I0519 23:35:49.814823 215053 net.cpp:987]     [Forward] Layer loss, top blob loss data: 2.30193
I0519 23:35:49.815212 215053 net.cpp:1015]     [Backward] Layer loss, bottom blob ip2 diff: 0.00529373
I0519 23:35:49.815587 215053 net.cpp:1015]     [Backward] Layer ip2, bottom blob ip1 diff: 0.00224947
I0519 23:35:49.815647 215053 net.cpp:1026]     [Backward] Layer ip2, param blob 0 diff: 0.000119218
I0519 23:35:49.815696 215053 net.cpp:1026]     [Backward] Layer ip2, param blob 1 diff: 0.0412314
I0519 23:35:49.815795 215082 common.cpp:194] New stream 0x7fafa400a220, device 1, thread 215082
I0519 23:35:49.816984 215083 common.cpp:194] New stream 0x7faf9c001be0, device 0, thread 215083
I0519 23:35:49.819759 215053 net.cpp:1015]     [Backward] Layer ip1, bottom blob pool3 diff: 0.00182643
I0519 23:35:49.819805 215053 net.cpp:1026]     [Backward] Layer ip1, param blob 0 diff: 8.8878e-06
I0519 23:35:49.819844 215053 net.cpp:1026]     [Backward] Layer ip1, param blob 1 diff: 0.011284
I0519 23:35:49.820461 215084 common.cpp:194] New stream 0x7fafa000a220, device 2, thread 215084
I0519 23:35:49.915678 215053 net.cpp:1015]     [Backward] Layer pool3, bottom blob conv3 diff: 0.00032622
I0519 23:35:49.915779 215053 net.cpp:1015]     [Backward] Layer relu3, bottom blob conv3 diff: 0.000154282
I0519 23:35:49.916481 215053 net.cpp:1015]     [Backward] Layer conv3, bottom blob pool2 diff: 7.80688e-05
I0519 23:35:49.916534 215053 net.cpp:1026]     [Backward] Layer conv3, param blob 0 diff: 9.97386e-05
I0519 23:35:49.916568 215053 net.cpp:1026]     [Backward] Layer conv3, param blob 1 diff: 0.021144
I0519 23:35:49.916967 215053 net.cpp:1015]     [Backward] Layer pool2, bottom blob conv2 diff: 1.6647e-05
I0519 23:35:49.917029 215053 net.cpp:1015]     [Backward] Layer relu2, bottom blob conv2 diff: 7.40122e-06
I0519 23:35:49.917647 215053 net.cpp:1015]     [Backward] Layer conv2, bottom blob pool1 diff: 3.08786e-06
I0519 23:35:49.917690 215053 net.cpp:1026]     [Backward] Layer conv2, param blob 0 diff: 0.000145014
I0519 23:35:49.917722 215053 net.cpp:1026]     [Backward] Layer conv2, param blob 1 diff: 0.0037048
I0519 23:35:49.917776 215053 net.cpp:1015]     [Backward] Layer relu1, bottom blob pool1 diff: 2.26455e-06
I0519 23:35:49.918048 215053 net.cpp:1015]     [Backward] Layer pool1, bottom blob conv1 diff: 5.31038e-07
I0519 23:35:49.918403 215053 net.cpp:1026]     [Backward] Layer conv1, param blob 0 diff: 0.0445668
I0519 23:35:49.918439 215053 net.cpp:1026]     [Backward] Layer conv1, param blob 1 diff: 0.00072462
E0519 23:35:49.920118 215053 net.cpp:1111]     [Backward] All net params (data, diff): L1 norm = (5887.97, 119.067); L2 norm = (25.8547, 2.82644)
E0519 23:35:50.013176 215054 net.cpp:1111]     [Backward] All net params (data, diff): L1 norm = (5887.97, 133.595); L2 norm = (25.8547, 2.998)
I0519 23:35:50.064311 215082 common.cpp:194] New stream 0x7fafa4031d90, device 1, thread 215082
I0519 23:35:50.064375 215084 common.cpp:194] New stream 0x7fafa0031d90, device 2, thread 215084
I0519 23:35:50.064472 215083 common.cpp:194] New stream 0x7faf9c0284f0, device 0, thread 215083
I0519 23:35:50.064961 215083 sgd_solver.cpp:387] SGD_update ip1.0 W=25.5743 	dW=0.00314634 	H=0
I0519 23:35:50.065407 215083 sgd_solver.cpp:387] SGD_update ip1.1 W=0 	dW=0.0827034 	H=0
I0519 23:35:50.065651 215083 sgd_solver.cpp:387] SGD_update ip2.0 W=2.58463 	dW=0.00325391 	H=0
I0519 23:35:50.065920 215083 sgd_solver.cpp:387] SGD_update ip2.1 W=0 	dW=0.109264 	H=0
I0519 23:35:50.066429 215083 sgd_solver.cpp:387] SGD_update conv3.0 W=2.2645 	dW=0.0360204 	H=0
I0519 23:35:50.066713 215083 sgd_solver.cpp:387] SGD_update conv3.1 W=0 	dW=0.220131 	H=0
I0519 23:35:50.067248 215083 sgd_solver.cpp:387] SGD_update conv2.0 W=1.61578 	dW=0.0335768 	H=0
I0519 23:35:50.067505 215083 sgd_solver.cpp:387] SGD_update conv2.1 W=0 	dW=0.0291242 	H=0
I0519 23:35:50.067970 215083 sgd_solver.cpp:387] SGD_update conv1.0 W=0.00502179 	dW=2.03983 	H=0
I0519 23:35:50.068185 215083 sgd_solver.cpp:387] SGD_update conv1.1 W=0 	dW=0.0053821 	H=0
I0519 23:35:50.068317 215053 solver.cpp:342]     [0.0] Iteration 0 (0.300698 s), loss = 2.30193
I0519 23:35:50.068375 215053 solver.cpp:358]     [0.0]     Train net output #0: loss = 2.30193 (* 1 = 2.30193 loss)
I0519 23:35:50.068400 215053 sgd_solver.cpp:180] [0.0] Iteration 0, lr = 0.001, m = 0.9, lrm = 0.01, wd = 0.004, gs = 1
E0519 23:35:50.068449 215055 net.cpp:1111]     [Backward] All net params (data, diff): L1 norm = (5887.95, 136.652); L2 norm = (25.8546, 3.47047)
I0519 23:35:50.068617 215053 net.cpp:987]     [Forward] Layer cifar, top blob data data: 48.3271
I0519 23:35:50.068645 215053 net.cpp:987]     [Forward] Layer cifar, top blob label data: 4.47059
I0519 23:35:50.069085 215053 net.cpp:987]     [Forward] Layer conv1, top blob conv1 data: 0.100606
I0519 23:35:50.069165 215053 net.cpp:999]     [Forward] Layer conv1, param blob 0 data: 9.22027e-05
I0519 23:35:50.069228 215053 net.cpp:999]     [Forward] Layer conv1, param blob 1 data: 1.57503e-06
I0519 23:35:50.069381 215053 net.cpp:987]     [Forward] Layer pool1, top blob pool1 data: 0.107431
I0519 23:35:50.069479 215053 net.cpp:987]     [Forward] Layer relu1, top blob pool1 data: 0.0806506
I0519 23:35:50.069885 215053 net.cpp:987]     [Forward] Layer conv2, top blob conv2 data: 0.0250118
I0519 23:35:50.069979 215053 net.cpp:999]     [Forward] Layer conv2, param blob 0 data: 0.00809062
I0519 23:35:50.070047 215053 net.cpp:999]     [Forward] Layer conv2, param blob 1 data: 6.40644e-06
I0519 23:35:50.070142 215053 net.cpp:987]     [Forward] Layer relu2, top blob conv2 data: 0.0122898
I0519 23:35:50.070242 215053 net.cpp:987]     [Forward] Layer pool2, top blob pool2 data: 0.0122472
I0519 23:35:50.070725 215053 net.cpp:987]     [Forward] Layer conv3, top blob conv3 data: 0.00408657
I0519 23:35:50.070798 215053 net.cpp:999]     [Forward] Layer conv3, param blob 0 data: 0.00798195
I0519 23:35:50.070858 215053 net.cpp:999]     [Forward] Layer conv3, param blob 1 data: 3.96865e-05
I0519 23:35:50.070952 215053 net.cpp:987]     [Forward] Layer relu3, top blob conv3 data: 0.00195295
I0519 23:35:50.071050 215053 net.cpp:987]     [Forward] Layer pool3, top blob pool3 data: 0.00196155
I0519 23:35:50.071260 215053 net.cpp:987]     [Forward] Layer ip1, top blob ip1 data: 0.00908053
I0519 23:35:50.071324 215053 net.cpp:999]     [Forward] Layer ip1, param blob 0 data: 0.0796588
I0519 23:35:50.071381 215053 net.cpp:999]     [Forward] Layer ip1, param blob 1 data: 1.62587e-05
I0519 23:35:50.071524 215053 net.cpp:987]     [Forward] Layer ip2, top blob ip2 data: 0.00940855
I0519 23:35:50.071588 215053 net.cpp:999]     [Forward] Layer ip2, param blob 0 data: 0.0803702
I0519 23:35:50.071650 215053 net.cpp:999]     [Forward] Layer ip2, param blob 1 data: 6.15533e-05
I0519 23:35:50.071933 215053 net.cpp:987]     [Forward] Layer loss, top blob loss data: 2.2956
I0519 23:35:50.072093 215053 net.cpp:1015]     [Backward] Layer loss, bottom blob ip2 diff: 0.00528993
I0519 23:35:50.072263 215053 net.cpp:1015]     [Backward] Layer ip2, bottom blob ip1 diff: 0.00225356
I0519 23:35:50.072327 215053 net.cpp:1026]     [Backward] Layer ip2, param blob 0 diff: 0.000471541
I0519 23:35:50.072389 215053 net.cpp:1026]     [Backward] Layer ip2, param blob 1 diff: 0.0368928
I0519 23:35:50.072655 215053 net.cpp:1015]     [Backward] Layer ip1, bottom blob pool3 diff: 0.00180715
I0519 23:35:50.072724 215053 net.cpp:1026]     [Backward] Layer ip1, param blob 0 diff: 3.48215e-05
I0519 23:35:50.072785 215053 net.cpp:1026]     [Backward] Layer ip1, param blob 1 diff: 0.0114426
I0519 23:35:50.072896 215053 net.cpp:1015]     [Backward] Layer pool3, bottom blob conv3 diff: 0.000323639
I0519 23:35:50.072989 215053 net.cpp:1015]     [Backward] Layer relu3, bottom blob conv3 diff: 0.000155218
E0519 23:35:50.073124 215054 net.cpp:1111]     [Backward] All net params (data, diff): L1 norm = (5887.98, 124.196); L2 norm = (25.8546, 2.62983)
I0519 23:35:50.073469 215053 net.cpp:1015]     [Backward] Layer conv3, bottom blob pool2 diff: 7.74774e-05
E0519 23:35:50.073478 215055 net.cpp:1111]     [Backward] All net params (data, diff): L1 norm = (5887.98, 142.118); L2 norm = (25.8546, 2.75816)
I0519 23:35:50.073550 215053 net.cpp:1026]     [Backward] Layer conv3, param blob 0 diff: 0.000388735
I0519 23:35:50.073676 215053 net.cpp:1026]     [Backward] Layer conv3, param blob 1 diff: 0.0261013
I0519 23:35:50.073848 215053 net.cpp:1015]     [Backward] Layer pool2, bottom blob conv2 diff: 1.6511e-05
I0519 23:35:50.073988 215053 net.cpp:1015]     [Backward] Layer relu2, bottom blob conv2 diff: 7.82037e-06
I0519 23:35:50.074111 215083 sgd_solver.cpp:387] SGD_update ip1.0 W=25.5742 	dW=0.00988643 	H=0.000102309
I0519 23:35:50.074286 215083 sgd_solver.cpp:387] SGD_update ip1.1 W=0.000165407 	dW=0.045759 	H=0.000165407
I0519 23:35:50.074544 215083 sgd_solver.cpp:387] SGD_update ip2.0 W=2.58462 	dW=0.0101953 	H=1.04864e-05
I0519 23:35:50.074555 215053 net.cpp:1015]     [Backward] Layer conv2, bottom blob pool1 diff: 3.19848e-06
I0519 23:35:50.074645 215053 net.cpp:1026]     [Backward] Layer conv2, param blob 0 diff: 0.000611935
I0519 23:35:50.074748 215083 sgd_solver.cpp:387] SGD_update ip2.1 W=0.000218529 	dW=0.0586308 	H=0.000218529
I0519 23:35:50.074757 215053 net.cpp:1026]     [Backward] Layer conv2, param blob 1 diff: 0.00474634
I0519 23:35:50.074915 215053 net.cpp:1015]     [Backward] Layer relu1, bottom blob pool1 diff: 2.19974e-06
I0519 23:35:50.075115 215053 net.cpp:1015]     [Backward] Layer pool1, bottom blob conv1 diff: 5.23969e-07
I0519 23:35:50.075176 215083 sgd_solver.cpp:387] SGD_update conv3.0 W=2.26449 	dW=0.0948505 	H=3.70406e-05
I0519 23:35:50.075357 215083 sgd_solver.cpp:387] SGD_update conv3.1 W=0.000440263 	dW=0.12684 	H=0.000440263
I0519 23:35:50.075608 215053 net.cpp:1026]     [Backward] Layer conv1, param blob 0 diff: 0.0737604
I0519 23:35:50.075675 215053 net.cpp:1026]     [Backward] Layer conv1, param blob 1 diff: 0.00123948
I0519 23:35:50.076134 215083 sgd_solver.cpp:387] SGD_update conv2.0 W=1.61577 	dW=0.0897897 	H=3.40832e-05
I0519 23:35:50.076381 215083 sgd_solver.cpp:387] SGD_update conv2.1 W=5.82484e-05 	dW=0.0187741 	H=5.82484e-05
I0519 23:35:50.076866 215083 sgd_solver.cpp:387] SGD_update conv1.0 W=0.00559074 	dW=2.45026 	H=0.00203983
I0519 23:35:50.076917 215054 cudnn_conv_layer.cpp:259] [n0.d1.r1] AllocateFindExWorkspace trying to allocate 16973561856 bytes
I0519 23:35:50.077145 215083 sgd_solver.cpp:387] SGD_update conv1.1 W=1.07642e-05 	dW=0.00512967 	H=1.07642e-05
I0519 23:35:50.093557 215055 cudnn_conv_layer.cpp:259] [n0.d2.r2] AllocateFindExWorkspace trying to allocate 16973561856 bytes
E0519 23:35:50.094635 215053 net.cpp:1111]     [Backward] All net params (data, diff): L1 norm = (5887.94, 177.065); L2 norm = (25.8544, 4.55739)
I0519 23:35:50.094873 215053 solver.cpp:342]     [0.0] Iteration 1 (0.0265462 s), loss = 2.2956
I0519 23:35:50.094909 215053 solver.cpp:358]     [0.0]     Train net output #0: loss = 2.2956 (* 1 = 2.2956 loss)
I0519 23:35:50.094931 215053 sgd_solver.cpp:180] [0.0] Iteration 1, lr = 0.001, m = 0.9, lrm = 0.01, wd = 0.004, gs = 1
I0519 23:35:50.095077 215053 net.cpp:987]     [Forward] Layer cifar, top blob data data: 53.4742
I0519 23:35:50.095101 215053 net.cpp:987]     [Forward] Layer cifar, top blob label data: 4.67647
I0519 23:35:50.107304 215053 cudnn_conv_layer.cpp:259] [n0.d0.r0] AllocateFindExWorkspace trying to allocate 16973561856 bytes
I0519 23:35:50.143419 215055 cudnn_conv_layer.cpp:865] [n0.d2.r2] FindEx to release 16973561856 bytes
I0519 23:35:50.143901 215053 cudnn_conv_layer.cpp:865] [n0.d0.r0] FindEx to release 16973561856 bytes
I0519 23:35:50.155601 215055 cudnn_conv_layer.cpp:300] [n0.d2.r2] AllocateWorkspace trying to allocate 4194304 bytes for layer conv1
I0519 23:35:50.190374 215054 cudnn_conv_layer.cpp:865] [n0.d1.r1] FindEx to release 16973561856 bytes
I0519 23:35:50.190491 215053 cudnn_conv_layer.cpp:300] [n0.d0.r0] AllocateWorkspace trying to allocate 4194304 bytes for layer conv1
I0519 23:35:50.207798 215054 cudnn_conv_layer.cpp:300] [n0.d1.r1] AllocateWorkspace trying to allocate 4194304 bytes for layer conv1
I0519 23:35:50.209311 215055 cudnn_conv_layer.cpp:910] [n0.d2.r2] Conv Algos (F,BD,BF): 'conv1' with space 4.19M 3/1 -> [0 435856 0] 0 1 0 	(avail 33.18G, req 4.19M)	t: 0 0 0.06
I0519 23:35:50.209663 215053 cudnn_conv_layer.cpp:910] [n0.d0.r0] Conv Algos (F,BD,BF): 'conv1' with space 4.19M 3/1 -> [0 435856 0] 0 1 0 	(avail 33.18G, req 4.19M)	t: 0 0 0.07
I0519 23:35:50.209929 215053 net.cpp:987]     [Forward] Layer conv1, top blob conv1 data: 0.24571
I0519 23:35:50.210005 215053 net.cpp:999]     [Forward] Layer conv1, param blob 0 data: 0.000123854
I0519 23:35:50.210070 215053 net.cpp:999]     [Forward] Layer conv1, param blob 1 data: 3.92593e-06
I0519 23:35:50.210206 215054 cudnn_conv_layer.cpp:910] [n0.d1.r1] Conv Algos (F,BD,BF): 'conv1' with space 4.19M 3/1 -> [0 435856 0] 0 1 0 	(avail 33.18G, req 4.19M)	t: 0 0 0.08
I0519 23:35:50.210237 215053 net.cpp:987]     [Forward] Layer pool1, top blob pool1 data: 0.256238
I0519 23:35:50.210335 215053 net.cpp:987]     [Forward] Layer relu1, top blob pool1 data: 0.178499
I0519 23:35:50.210562 215055 cudnn_conv_layer.cpp:259] [n0.d2.r2] AllocateFindExWorkspace trying to allocate 16973561856 bytes
I0519 23:35:50.658020 215054 cudnn_conv_layer.cpp:259] [n0.d1.r1] AllocateFindExWorkspace trying to allocate 16973561856 bytes
I0519 23:35:50.750221 215053 cudnn_conv_layer.cpp:259] [n0.d0.r0] AllocateFindExWorkspace trying to allocate 16973561856 bytes
I0519 23:35:50.819535 215055 cudnn_conv_layer.cpp:865] [n0.d2.r2] FindEx to release 16973561856 bytes
I0519 23:35:50.831516 215054 cudnn_conv_layer.cpp:865] [n0.d1.r1] FindEx to release 16973561856 bytes
I0519 23:35:50.831569 215055 cudnn_conv_layer.cpp:300] [n0.d2.r2] AllocateWorkspace trying to allocate 8998912 bytes for layer conv2
I0519 23:35:50.846268 215054 cudnn_conv_layer.cpp:300] [n0.d1.r1] AllocateWorkspace trying to allocate 8998912 bytes for layer conv2
I0519 23:35:50.847362 215053 cudnn_conv_layer.cpp:865] [n0.d0.r0] FindEx to release 16973561856 bytes
I0519 23:35:50.882400 215055 cudnn_conv_layer.cpp:910] [n0.d2.r2] Conv Algos (F,BD,BF): 'conv2' with space 9M 32/1 -> [8998912 8998912 0] 7 5 0 	(avail 33.17G, req 9M)	t: 0 0.07 0.07
I0519 23:35:50.882437 215053 cudnn_conv_layer.cpp:300] [n0.d0.r0] AllocateWorkspace trying to allocate 8998912 bytes for layer conv2
I0519 23:35:50.882664 215054 cudnn_conv_layer.cpp:910] [n0.d1.r1] Conv Algos (F,BD,BF): 'conv2' with space 9M 32/1 -> [8998912 8998912 0] 7 5 0 	(avail 33.17G, req 9M)	t: 0 0.07 0.07
I0519 23:35:50.883430 215055 cudnn_conv_layer.cpp:259] [n0.d2.r2] AllocateFindExWorkspace trying to allocate 16973561856 bytes
I0519 23:35:50.884327 215054 cudnn_conv_layer.cpp:259] [n0.d1.r1] AllocateFindExWorkspace trying to allocate 16973561856 bytes
I0519 23:35:51.342227 215053 cudnn_conv_layer.cpp:910] [n0.d0.r0] Conv Algos (F,BD,BF): 'conv2' with space 9M 32/1 -> [8998912 8998912 0] 7 5 0 	(avail 33.17G, req 9M)	t: 0 0.09 0.07
I0519 23:35:51.342636 215053 net.cpp:987]     [Forward] Layer conv2, top blob conv2 data: 0.0632695
I0519 23:35:51.342716 215053 net.cpp:999]     [Forward] Layer conv2, param blob 0 data: 0.00809056
I0519 23:35:51.342779 215053 net.cpp:999]     [Forward] Layer conv2, param blob 1 data: 1.4736e-05
I0519 23:35:51.342883 215053 net.cpp:987]     [Forward] Layer relu2, top blob conv2 data: 0.0346039
I0519 23:35:51.342990 215053 net.cpp:987]     [Forward] Layer pool2, top blob pool2 data: 0.0346206
I0519 23:35:51.343809 215053 cudnn_conv_layer.cpp:259] [n0.d0.r0] AllocateFindExWorkspace trying to allocate 16973561856 bytes
I0519 23:35:51.411625 215055 cudnn_conv_layer.cpp:865] [n0.d2.r2] FindEx to release 16973561856 bytes
I0519 23:35:51.443500 215054 cudnn_conv_layer.cpp:865] [n0.d1.r1] FindEx to release 16973561856 bytes
I0519 23:35:51.443642 215055 cudnn_conv_layer.cpp:300] [n0.d2.r2] AllocateWorkspace trying to allocate 8998912 bytes for layer conv3
I0519 23:35:51.461226 215054 cudnn_conv_layer.cpp:300] [n0.d1.r1] AllocateWorkspace trying to allocate 8998912 bytes for layer conv3
I0519 23:35:51.462543 215053 cudnn_conv_layer.cpp:865] [n0.d0.r0] FindEx to release 16973561856 bytes
I0519 23:35:51.495291 215053 cudnn_conv_layer.cpp:300] [n0.d0.r0] AllocateWorkspace trying to allocate 8998912 bytes for layer conv3
I0519 23:35:51.495540 215055 cudnn_conv_layer.cpp:910] [n0.d2.r2] Conv Algos (F,BD,BF): 'conv3' with space 9M 32/1 -> [7430144 0 0] 4 0 0 	(avail 33.17G, req 9M)	t: 0 0.07 0.07
I0519 23:35:51.497399 215054 cudnn_conv_layer.cpp:910] [n0.d1.r1] Conv Algos (F,BD,BF): 'conv3' with space 9M 32/1 -> [7430144 0 0] 4 0 0 	(avail 33.17G, req 9M)	t: 0 0.07 0.06
I0519 23:35:51.497606 215053 cudnn_conv_layer.cpp:910] [n0.d0.r0] Conv Algos (F,BD,BF): 'conv3' with space 9M 32/1 -> [7430144 0 0] 4 0 0 	(avail 33.17G, req 9M)	t: 0 0.06 0.05
I0519 23:35:51.497781 215053 net.cpp:987]     [Forward] Layer conv3, top blob conv3 data: 0.0113711
I0519 23:35:51.497817 215053 net.cpp:999]     [Forward] Layer conv3, param blob 0 data: 0.00798189
I0519 23:35:51.497848 215053 net.cpp:999]     [Forward] Layer conv3, param blob 1 data: 8.8266e-05
I0519 23:35:51.497900 215053 net.cpp:987]     [Forward] Layer relu3, top blob conv3 data: 0.00548683
I0519 23:35:51.497956 215053 net.cpp:987]     [Forward] Layer pool3, top blob pool3 data: 0.00547831
I0519 23:35:51.498109 215053 net.cpp:987]     [Forward] Layer ip1, top blob ip1 data: 0.0247366
I0519 23:35:51.498143 215053 net.cpp:999]     [Forward] Layer ip1, param blob 0 data: 0.0796582
I0519 23:35:51.498181 215053 net.cpp:999]     [Forward] Layer ip1, param blob 1 data: 3.60443e-05
I0519 23:35:51.498275 215053 net.cpp:987]     [Forward] Layer ip2, top blob ip2 data: 0.0257844
I0519 23:35:51.498311 215053 net.cpp:999]     [Forward] Layer ip2, param blob 0 data: 0.0803697
I0519 23:35:51.498353 215053 net.cpp:999]     [Forward] Layer ip2, param blob 1 data: 0.00011863
I0519 23:35:51.498612 215053 net.cpp:987]     [Forward] Layer loss, top blob loss data: 2.28577
I0519 23:35:51.498713 215053 net.cpp:1015]     [Backward] Layer loss, bottom blob ip2 diff: 0.00528359
I0519 23:35:51.498809 215053 net.cpp:1015]     [Backward] Layer ip2, bottom blob ip1 diff: 0.00224484
I0519 23:35:51.498845 215053 net.cpp:1026]     [Backward] Layer ip2, param blob 0 diff: 0.00135514
I0519 23:35:51.498896 215053 net.cpp:1026]     [Backward] Layer ip2, param blob 1 diff: 0.0352397
I0519 23:35:51.499039 215053 net.cpp:1015]     [Backward] Layer ip1, bottom blob pool3 diff: 0.0018074
I0519 23:35:51.499078 215053 net.cpp:1026]     [Backward] Layer ip1, param blob 0 diff: 9.6054e-05
I0519 23:35:51.499114 215053 net.cpp:1026]     [Backward] Layer ip1, param blob 1 diff: 0.0111487
I0519 23:35:51.499179 215053 net.cpp:1015]     [Backward] Layer pool3, bottom blob conv3 diff: 0.000324148
I0519 23:35:51.499236 215053 net.cpp:1015]     [Backward] Layer relu3, bottom blob conv3 diff: 0.000158646
I0519 23:35:51.499471 215053 net.cpp:1015]     [Backward] Layer conv3, bottom blob pool2 diff: 7.81864e-05
I0519 23:35:51.499511 215053 net.cpp:1026]     [Backward] Layer conv3, param blob 0 diff: 0.00104375
